MySQL Shell 8.0.14

Copyright (c) 2016, 2019, Oracle and/or its affiliates. All rights reserved.
Oracle is a registered trademark of Oracle Corporation and/or its affiliates.
Other names may be trademarks of their respective owners.

Type '\help' or '\?' for help; '\quit' to exit.

 MySQL  JS > \sql
Switching to SQL mode... Commands end with ;

 MySQL  SQL > show database
ERROR: Not connected.

           -> show databases;
ERROR: Not connected.

 MySQL  SQL > show databases
ERROR: Not connected.

           -> show databases;
ERROR: Not connected.

 MySQL  SQL > show databases;
ERROR: Not connected.

 MySQL  SQL > \connect -mc root@localhost
WARNING: The -mc option is deprecated, please use --mysql or --mc instead.

Creating a Classic session to 'root@localhost'
Please provide the password for 'root@localhost': ********
Save password for 'root@localhost'? [Y]es/[N]o/Ne[v]er (default No): n
Fetching schema names for autocompletion... Press ^C to stop.
Your MySQL connection id is 8
Server version: 8.0.14 MySQL Community Server - GPL
No default schema selected; type \use <schema> to set one.

 MySQL  localhost:3306 ssl  SQL > show databases;
+--------------------+
| Database           |
+--------------------+
| eva_1              |
| information_schema |
| mysql              |
| performance_schema |
| sakila             |
| sys                |
| world              |
+--------------------+
7 rows in set (0.0011 sec)

 MySQL  localhost:3306 ssl  SQL > \use eva_1
Default schema set to `eva_1`.
Fetching table and column names from `eva_1` for auto-completion... Press ^C to stop.

 MySQL  localhost:3306 ssl  eva_1  SQL > show tables;
+-----------------+
| Tables_in_eva_1 |
+-----------------+
| primer_tabla    |
+-----------------+
1 row in set (0.0022 sec)

 MySQL  localhost:3306 ssl  eva_1  SQL > show databases;
+--------------------+
| Database           |
+--------------------+
| eva_1              |
| information_schema |
| mysql              |
| performance_schema |
| sakila             |
| sys                |
| world              |
+--------------------+
7 rows in set (0.0015 sec)

 MySQL  localhost:3306 ssl  eva_1  SQL > \use sakila
Default schema set to `sakila`.
Fetching table and column names from `sakila` for auto-completion... Press ^C to stop.

 MySQL  localhost:3306 ssl  sakila  SQL > show tables
                                       -> show tables;
ERROR: 1064 (42000): You have an error in your SQL syntax; check the manual that corresponds to your MySQL server version for the right syntax to use near 'show tables' at line 2

 MySQL  localhost:3306 ssl  sakila  SQL > show tables;
+----------------------------+
| Tables_in_sakila           |
+----------------------------+
| actor                      |
| actor_info                 |
| address                    |
| category                   |
| city                       |
| country                    |
| customer                   |
| customer_list              |
| film                       |
| film_actor                 |
| film_category              |
| film_list                  |
| film_text                  |
| inventory                  |
| language                   |
| nicer_but_slower_film_list |
| payment                    |
| rental                     |
| sales_by_film_category     |
| sales_by_store             |
| staff                      |
| staff_list                 |
| store                      |
+----------------------------+
23 rows in set (0.0021 sec)

 MySQL  localhost:3306 ssl  sakila  SQL > \use eva_1
Default schema set to `eva_1`.
Fetching table and column names from `eva_1` for auto-completion... Press ^C to stop.

 MySQL  localhost:3306 ssl  eva_1  SQL > show tables;.
+-----------------+
| Tables_in_eva_1 |
+-----------------+
| primer_tabla    |
+-----------------+
1 row in set (0.0015 sec)

                                      -> create table primer_tabla(
                                      -> create table primer_tabla(
                                      ->
Display all 732 possibilities? (y or n)
                                      ->
                                      -> create table primer_tabla( id int, nombre varchar(50), apellido varchar(50));
ERROR: 1064 (42000): You have an error in your SQL syntax; check the manual that corresponds to your MySQL server version for the right syntax to use near '.
create table primer_tabla(
create table primer_tabla(

create table primer_ta' at line 1

 MySQL  localhost:3306 ssl  eva_1  SQL > . create table primer_tabla( id int, nombre varchar(50), apellido varchar(50));
ERROR: 1064 (42000): You have an error in your SQL syntax; check the manual that corresponds to your MySQL server version for the right syntax to use near '. create table primer_tabla( id int, nombre varchar(50), apellido varchar(50))' at line 1

 MySQL  localhost:3306 ssl  eva_1  SQL > . create table primer_tabla( id int, nombre varchar(50), apellido varchar(50));
ERROR: 1064 (42000): You have an error in your SQL syntax; check the manual that corresponds to your MySQL server version for the right syntax to use near '. create table primer_tabla( id int, nombre varchar(50), apellido varchar(50))' at line 1

 MySQL  localhost:3306 ssl  eva_1  SQL > show tables
                                      -> show tables;
ERROR: 1064 (42000): You have an error in your SQL syntax; check the manual that corresponds to your MySQL server version for the right syntax to use near 'show tables' at line 2

 MySQL  localhost:3306 ssl  eva_1  SQL > show tables
                                      -> show tables
                                      -> show tables;
ERROR: 1064 (42000): You have an error in your SQL syntax; check the manual that corresponds to your MySQL server version for the right syntax to use near 'show tables
show tables' at line 2

 MySQL  localhost:3306 ssl  eva_1  SQL > \use eva_1
Default schema set to `eva_1`.
Fetching table and column names from `eva_1` for auto-completion... Press ^C to stop.

 MySQL  localhost:3306 ssl  eva_1  SQL > show tables;
+-----------------+
| Tables_in_eva_1 |
+-----------------+
| primer_tabla    |
+-----------------+
1 row in set (0.0020 sec)

 MySQL  localhost:3306 ssl  eva_1  SQL > desc primer_tabla;
+-------+---------+------+-----+---------+-------+
| Field | Type    | Null | Key | Default | Extra |
+-------+---------+------+-----+---------+-------+
| campo | int(11) | YES  |     | NULL    |       |
+-------+---------+------+-----+---------+-------+
1 row in set (0.2222 sec)

 MySQL  localhost:3306 ssl  eva_1  SQL > create temporary table tabla_temp( id int);
Query OK, 0 rows affected (0.1207 sec)

 MySQL  localhost:3306 ssl  eva_1  SQL > . create table primer_tabla( id int, nombre varchar(50), apellido varchar(50));
ERROR: 1064 (42000): You have an error in your SQL syntax; check the manual that corresponds to your MySQL server version for the right syntax to use near '. create table primer_tabla( id int, nombre varchar(50), apellido varchar(50))' at line 1

 MySQL  localhost:3306 ssl  eva_1  SQL > show tables
                                      -> show tables;
ERROR: 1064 (42000): You have an error in your SQL syntax; check the manual that corresponds to your MySQL server version for the right syntax to use near 'show tables' at line 2

 MySQL  localhost:3306 ssl  eva_1  SQL > show tables;
+-----------------+
| Tables_in_eva_1 |
+-----------------+
| primer_tabla    |
+-----------------+
1 row in set (0.0017 sec)

 MySQL  localhost:3306 ssl  eva_1  SQL > desc tabla_temp;
+-------+---------+------+-----+---------+-------+
| Field | Type    | Null | Key | Default | Extra |
+-------+---------+------+-----+---------+-------+
| id    | int(11) | YES  |     | NULL    | NULL  |
+-------+---------+------+-----+---------+-------+
1 row in set (0.0889 sec)

 MySQL  localhost:3306 ssl  eva_1  SQL > delte primer_tabla
                                      -> delte primer_tabla;
ERROR: 1064 (42000): You have an error in your SQL syntax; check the manual that corresponds to your MySQL server version for the right syntax to use near 'delte primer_tabla
delte primer_tabla' at line 1

 MySQL  localhost:3306 ssl  eva_1  SQL > show tables;
+-----------------+
| Tables_in_eva_1 |
+-----------------+
| primer_tabla    |
+-----------------+
1 row in set (0.0023 sec)

 MySQL  localhost:3306 ssl  eva_1  SQL >













MySQL Shell 8.0.14

Copyright (c) 2016, 2019, Oracle and/or its affiliates. All rights reserved.
Oracle is a registered trademark of Oracle Corporation and/or its affiliates.
Other names may be trademarks of their respective owners.

Type '\help' or '\?' for help; '\quit' to exit.

 MySQL  JS > \connect --mc root@localhost
Creating a Classic session to 'root@localhost'
Please provide the password for 'root@localhost': ********
Save password for 'root@localhost'? [Y]es/[N]o/Ne[v]er (default No): n
Fetching schema names for autocompletion... Press ^C to stop.
Your MySQL connection id is 9
Server version: 8.0.14 MySQL Community Server - GPL
No default schema selected; type \use <schema> to set one.

 MySQL  localhost:3306 ssl  JS > \sql
Switching to SQL mode... Commands end with ;

 MySQL  localhost:3306 ssl  SQL > show tables;
ERROR: 1046 (3D000): No database selected

 MySQL  localhost:3306 ssl  SQL > \use eva_1
Default schema set to `eva_1`.
Fetching table and column names from `eva_1` for auto-completion... Press ^C to stop.

 MySQL  localhost:3306 ssl  eva_1  SQL > show tables;
+-----------------+
| Tables_in_eva_1 |
+-----------------+
| primer_tabla    |
+-----------------+
1 row in set (0.0012 sec)

 MySQL  localhost:3306 ssl  eva_1  SQL > desc tabla_temp;
ERROR: 1146 (42S02): Table 'eva_1.tabla_temp' doesn't exist

 MySQL  localhost:3306 ssl  eva_1  SQL > create tanle copia_tabla like primer tabla;
ERROR: 1064 (42000): You have an error in your SQL syntax; check the manual that corresponds to your MySQL server version for the right syntax to use near 'tanle copia_tabla like primer tabla' at line 1

 MySQL  localhost:3306 ssl  eva_1  SQL > create table copia_tabla like primer tabla;
ERROR: 1064 (42000): You have an error in your SQL syntax; check the manual that corresponds to your MySQL server version for the right syntax to use near 'tabla' at line 1

 MySQL  localhost:3306 ssl  eva_1  SQL > create table copia_tabla like primer_tabla;
Query OK, 0 rows affected (1.1676 sec)

 MySQL  localhost:3306 ssl  eva_1  SQL > show tables
                                      -> show tables;
ERROR: 1064 (42000): You have an error in your SQL syntax; check the manual that corresponds to your MySQL server version for the right syntax to use near 'show tables' at line 2

 MySQL  localhost:3306 ssl  eva_1  SQL > show tables
                                      -> \use eva_1
ERROR: Unknown command '\u'

                                      -> show tables;
ERROR: 1064 (42000): You have an error in your SQL syntax; check the manual that corresponds to your MySQL server version for the right syntax to use near 'se eva_1
show tables' at line 2

 MySQL  localhost:3306 ssl  eva_1  SQL > show tables;
+-----------------+
| Tables_in_eva_1 |
+-----------------+
| copia_tabla     |
| primer_tabla    |
+-----------------+
2 rows in set (0.0019 sec)

 MySQL  localhost:3306 ssl  eva_1  SQL > create temporary table copia_tabla_temp like primer_tabla;
Query OK, 0 rows affected (0.0021 sec)

 MySQL  localhost:3306 ssl  eva_1  SQL > desc copia_tabla_temp;
+-------+---------+------+-----+---------+-------+
| Field | Type    | Null | Key | Default | Extra |
+-------+---------+------+-----+---------+-------+
| campo | int(11) | YES  |     | NULL    | NULL  |
+-------+---------+------+-----+---------+-------+
1 row in set (0.0017 sec)

 MySQL  localhost:3306 ssl  eva_1  SQL > show tables;
+-----------------+
| Tables_in_eva_1 |
+-----------------+
| copia_tabla     |
| primer_tabla    |
+-----------------+
2 rows in set (0.0017 sec)

 MySQL  localhost:3306 ssl  eva_1  SQL >